{
  "version": "1.5.0",
  "plugins_used": [
    {
      "name": "ArtifactoryDetector"
    },
    {
      "name": "AWSKeyDetector"
    },
    {
      "name": "AzureStorageKeyDetector"
    },
    {
      "name": "Base64HighEntropyString",
      "limit": 4.5
    },
    {
      "name": "BasicAuthDetector"
    },
    {
      "name": "CloudantDetector"
    },
    {
      "name": "DiscordBotTokenDetector"
    },
    {
      "name": "GitHubTokenDetector"
    },
    {
      "name": "GitLabTokenDetector"
    },
    {
      "name": "HexHighEntropyString",
      "limit": 3.0
    },
    {
      "name": "IbmCloudIamDetector"
    },
    {
      "name": "IbmCosHmacDetector"
    },
    {
      "name": "IPPublicDetector"
    },
    {
      "name": "JwtTokenDetector"
    },
    {
      "name": "KeywordDetector",
      "keyword_exclude": ""
    },
    {
      "name": "MailchimpDetector"
    },
    {
      "name": "NpmDetector"
    },
    {
      "name": "OpenAIDetector"
    },
    {
      "name": "PrivateKeyDetector"
    },
    {
      "name": "PypiTokenDetector"
    },
    {
      "name": "SendGridDetector"
    },
    {
      "name": "SlackDetector"
    },
    {
      "name": "SoftlayerDetector"
    },
    {
      "name": "SquareOAuthDetector"
    },
    {
      "name": "StripeDetector"
    },
    {
      "name": "TelegramBotTokenDetector"
    },
    {
      "name": "TwilioKeyDetector"
    }
  ],
  "filters_used": [
    {
      "path": "detect_secrets.filters.allowlist.is_line_allowlisted"
    },
    {
      "path": "detect_secrets.filters.common.is_baseline_file",
      "filename": ".secrets.baseline"
    },
    {
      "path": "detect_secrets.filters.common.is_ignored_due_to_verification_policies",
      "min_level": 2
    },
    {
      "path": "detect_secrets.filters.heuristic.is_indirect_reference"
    },
    {
      "path": "detect_secrets.filters.heuristic.is_likely_id_string"
    },
    {
      "path": "detect_secrets.filters.heuristic.is_lock_file"
    },
    {
      "path": "detect_secrets.filters.heuristic.is_not_alphanumeric_string"
    },
    {
      "path": "detect_secrets.filters.heuristic.is_potential_uuid"
    },
    {
      "path": "detect_secrets.filters.heuristic.is_prefixed_with_dollar_sign"
    },
    {
      "path": "detect_secrets.filters.heuristic.is_sequential_string"
    },
    {
      "path": "detect_secrets.filters.heuristic.is_swagger_file"
    },
    {
      "path": "detect_secrets.filters.heuristic.is_templated_secret"
    }
  ],
  "results": {
    ".github\\workflows\\azure-deploy.yml": [
      {
        "type": "Secret Keyword",
        "filename": ".github\\workflows\\azure-deploy.yml",
        "hashed_secret": "8dfa3b33a56ee75d74993dd766e4ff9b9da25682",
        "is_verified": false,
        "line_number": 60
      }
    ],
    ".github\\workflows\\monitoring-alerts.yml": [
      {
        "type": "Secret Keyword",
        "filename": ".github\\workflows\\monitoring-alerts.yml",
        "hashed_secret": "89742015e173b25ba164cd2efef17354280110a1",
        "is_verified": false,
        "line_number": 84
      }
    ],
    ".koda\\rules\\security-rules.md": [
      {
        "type": "Secret Keyword",
        "filename": ".koda\\rules\\security-rules.md",
        "hashed_secret": "b35c276d5dff51c8675493733ff093f1928dbdf5",
        "is_verified": false,
        "line_number": 29
      },
      {
        "type": "Basic Auth Credentials",
        "filename": ".koda\\rules\\security-rules.md",
        "hashed_secret": "9d4e1e23bd5b727046a9e3b4b7db57bd8d6ee684",
        "is_verified": false,
        "line_number": 30
      }
    ],
    ".koda\\skills\\devops-ci-cd\\SKILL.md": [
      {
        "type": "Secret Keyword",
        "filename": ".koda\\skills\\devops-ci-cd\\SKILL.md",
        "hashed_secret": "337b143f66325dcd48c92bebd1d977a8471218c5",
        "is_verified": false,
        "line_number": 61
      }
    ],
    "apps\\auth_service\\main.py": [
      {
        "type": "Secret Keyword",
        "filename": "apps\\auth_service\\main.py",
        "hashed_secret": "89e495e7941cf9e40e6980d14a16bf023ccd4c91",
        "is_verified": false,
        "line_number": 126
      }
    ],
    "apps\\career_development\\alembic.ini": [
      {
        "type": "Basic Auth Credentials",
        "filename": "apps\\career_development\\alembic.ini",
        "hashed_secret": "3117b830997799a686e3bc420bcbb74a3367df51",
        "is_verified": false,
        "line_number": 39
      }
    ],
    "apps\\career_development\\src\\core\\db.py": [
      {
        "type": "Basic Auth Credentials",
        "filename": "apps\\career_development\\src\\core\\db.py",
        "hashed_secret": "3117b830997799a686e3bc420bcbb74a3367df51",
        "is_verified": false,
        "line_number": 19
      }
    ],
    "apps\\career_development\\src\\core\\db_sync.py": [
      {
        "type": "Basic Auth Credentials",
        "filename": "apps\\career_development\\src\\core\\db_sync.py",
        "hashed_secret": "3117b830997799a686e3bc420bcbb74a3367df51",
        "is_verified": false,
        "line_number": 14
      }
    ],
    "apps\\cognitive-agent\\config\\agent-config.yaml": [
      {
        "type": "Hex High Entropy String",
        "filename": "apps\\cognitive-agent\\config\\agent-config.yaml",
        "hashed_secret": "90bd1b48e958257948487b90bee080ba5ed00caa",
        "is_verified": false,
        "line_number": 328
      }
    ],
    "apps\\cognitive-agent\\integrations\\ecosystem-integration.md": [
      {
        "type": "Secret Keyword",
        "filename": "apps\\cognitive-agent\\integrations\\ecosystem-integration.md",
        "hashed_secret": "f8b6fb33f8cacb321531a76d81c3ed1ff0a3205d",
        "is_verified": false,
        "line_number": 176
      },
      {
        "type": "Secret Keyword",
        "filename": "apps\\cognitive-agent\\integrations\\ecosystem-integration.md",
        "hashed_secret": "fbd38a9a3b8eaa05baf9157cd64b26396dee7590",
        "is_verified": false,
        "line_number": 187
      }
    ],
    "apps\\cognitive-agent\\scripts\\simple-trigger-test.py": [
      {
        "type": "Hex High Entropy String",
        "filename": "apps\\cognitive-agent\\scripts\\simple-trigger-test.py",
        "hashed_secret": "90bd1b48e958257948487b90bee080ba5ed00caa",
        "is_verified": false,
        "line_number": 139
      }
    ],
    "apps\\cognitive-agent\\scripts\\test-triggers.py": [
      {
        "type": "Hex High Entropy String",
        "filename": "apps\\cognitive-agent\\scripts\\test-triggers.py",
        "hashed_secret": "90bd1b48e958257948487b90bee080ba5ed00caa",
        "is_verified": false,
        "line_number": 371
      }
    ],
    "apps\\cognitive-agent\\skills\\task-planner\\SKILL.md": [
      {
        "type": "Hex High Entropy String",
        "filename": "apps\\cognitive-agent\\skills\\task-planner\\SKILL.md",
        "hashed_secret": "90bd1b48e958257948487b90bee080ba5ed00caa",
        "is_verified": false,
        "line_number": 183
      }
    ],
    "apps\\infra-orchestrator\\src\\core\\diagnostics\\HealthCheck.psm1": [
      {
        "type": "Secret Keyword",
        "filename": "apps\\infra-orchestrator\\src\\core\\diagnostics\\HealthCheck.psm1",
        "hashed_secret": "a94a8fe5ccb19ba61c4c0873d391e987982fbbd3",
        "is_verified": false,
        "line_number": 33
      }
    ],
    "apps\\infra-orchestrator\\tests\\AiProviderFactory.Tests.ps1": [
      {
        "type": "Secret Keyword",
        "filename": "apps\\infra-orchestrator\\tests\\AiProviderFactory.Tests.ps1",
        "hashed_secret": "a94a8fe5ccb19ba61c4c0873d391e987982fbbd3",
        "is_verified": false,
        "line_number": 9
      }
    ],
    "apps\\job-automation-agent\\docker-compose.agent.yml": [
      {
        "type": "Secret Keyword",
        "filename": "apps\\job-automation-agent\\docker-compose.agent.yml",
        "hashed_secret": "3117b830997799a686e3bc420bcbb74a3367df51",
        "is_verified": false,
        "line_number": 25
      }
    ],
    "apps\\template-service\\.env.example": [
      {
        "type": "Basic Auth Credentials",
        "filename": "apps\\template-service\\.env.example",
        "hashed_secret": "5baa61e4c9b93f3f0682250b6cf8331b7ee68fd8",
        "is_verified": false,
        "line_number": 19
      },
      {
        "type": "Secret Keyword",
        "filename": "apps\\template-service\\.env.example",
        "hashed_secret": "5431bf637d810195f61f3e198ee4d3e4cd942507",
        "is_verified": false,
        "line_number": 32
      }
    ],
    "apps\\template-service\\src\\config.py": [
      {
        "type": "Basic Auth Credentials",
        "filename": "apps\\template-service\\src\\config.py",
        "hashed_secret": "5baa61e4c9b93f3f0682250b6cf8331b7ee68fd8",
        "is_verified": false,
        "line_number": 37
      }
    ],
    "apps\\template-service\\src\\core\\config.py": [
      {
        "type": "Basic Auth Credentials",
        "filename": "apps\\template-service\\src\\core\\config.py",
        "hashed_secret": "5baa61e4c9b93f3f0682250b6cf8331b7ee68fd8",
        "is_verified": false,
        "line_number": 37
      }
    ],
    "codeassistant\\mcp.json": [
      {
        "type": "Secret Keyword",
        "filename": "codeassistant\\mcp.json",
        "hashed_secret": "7a0eec11779e4968bc68da2bf2fec1c07a8c8b55",
        "is_verified": false,
        "line_number": 44
      }
    ],
    "codeassistant\\rules\\security-rules.md": [
      {
        "type": "Secret Keyword",
        "filename": "codeassistant\\rules\\security-rules.md",
        "hashed_secret": "b35c276d5dff51c8675493733ff093f1928dbdf5",
        "is_verified": false,
        "line_number": 29
      },
      {
        "type": "Basic Auth Credentials",
        "filename": "codeassistant\\rules\\security-rules.md",
        "hashed_secret": "9d4e1e23bd5b727046a9e3b4b7db57bd8d6ee684",
        "is_verified": false,
        "line_number": 30
      }
    ],
    "codeassistant\\skills\\devops-ci-cd\\SKILL.md": [
      {
        "type": "Secret Keyword",
        "filename": "codeassistant\\skills\\devops-ci-cd\\SKILL.md",
        "hashed_secret": "337b143f66325dcd48c92bebd1d977a8471218c5",
        "is_verified": false,
        "line_number": 61
      }
    ],
    "codeassistant\\teacher\\cheatsheets\\repo_checklist.yaml": [
      {
        "type": "Secret Keyword",
        "filename": "codeassistant\\teacher\\cheatsheets\\repo_checklist.yaml",
        "hashed_secret": "5ffe533b830f08a0326348a9160afafc8ada44db",
        "is_verified": false,
        "line_number": 35
      }
    ],
    "codeassistant\\teacher\\file_templates\\env_example.txt": [
      {
        "type": "Secret Keyword",
        "filename": "codeassistant\\teacher\\file_templates\\env_example.txt",
        "hashed_secret": "41ef4864559aa6bb211dfc1e1a8aae9048110db7",
        "is_verified": false,
        "line_number": 8
      },
      {
        "type": "Secret Keyword",
        "filename": "codeassistant\\teacher\\file_templates\\env_example.txt",
        "hashed_secret": "65cf8cd353cae2b48a8480cc49cd2e7dabb1bbb3",
        "is_verified": false,
        "line_number": 15
      },
      {
        "type": "Secret Keyword",
        "filename": "codeassistant\\teacher\\file_templates\\env_example.txt",
        "hashed_secret": "ec3810e10fb78db55ce38b9c18d1c3eb1db739e0",
        "is_verified": false,
        "line_number": 22
      },
      {
        "type": "Secret Keyword",
        "filename": "codeassistant\\teacher\\file_templates\\env_example.txt",
        "hashed_secret": "83cae600fea484688f41da27ccd5a6b2c3f4c1e9",
        "is_verified": false,
        "line_number": 34
      }
    ],
    "codeassistant\\tools\\python\\secrets-scanner.py": [
      {
        "type": "Private Key",
        "filename": "codeassistant\\tools\\python\\secrets-scanner.py",
        "hashed_secret": "4ada9713ec27066b2ffe0b7bd9c9c8d635dc4ab2",
        "is_verified": false,
        "line_number": 41
      }
    ],
    "config\\ai\\README.md": [
      {
        "type": "Secret Keyword",
        "filename": "config\\ai\\README.md",
        "hashed_secret": "c879eb0f88d8bdb506f09d23c28ccece92744a78",
        "is_verified": false,
        "line_number": 94
      },
      {
        "type": "Secret Keyword",
        "filename": "config\\ai\\README.md",
        "hashed_secret": "eb9532a1e9fbdfe3b3386532a5ff8946f96bfdb9",
        "is_verified": false,
        "line_number": 104
      }
    ],
    "deployment\\k8s\\base\\security\\cert-manager.yaml": [
      {
        "type": "Secret Keyword",
        "filename": "deployment\\k8s\\base\\security\\cert-manager.yaml",
        "hashed_secret": "a572d198a2eed12f8c429bf7fa57cedabc660b22",
        "is_verified": false,
        "line_number": 56
      }
    ],
    "deployment\\secrets\\secret.example.yaml": [
      {
        "type": "Secret Keyword",
        "filename": "deployment\\secrets\\secret.example.yaml",
        "hashed_secret": "a5c01e694764bcf09315443c6476e283e6f77906",
        "is_verified": false,
        "line_number": 14
      },
      {
        "type": "Secret Keyword",
        "filename": "deployment\\secrets\\secret.example.yaml",
        "hashed_secret": "7e6249737de4c33581c80dd45f0f5917779ffbd5",
        "is_verified": false,
        "line_number": 17
      },
      {
        "type": "Secret Keyword",
        "filename": "deployment\\secrets\\secret.example.yaml",
        "hashed_secret": "8c2cf45d5b49c4bb1d2a7ee1dd39736926295c11",
        "is_verified": false,
        "line_number": 19
      }
    ],
    "deployment\\streamlit-ui-deployment.yaml": [
      {
        "type": "Secret Keyword",
        "filename": "deployment\\streamlit-ui-deployment.yaml",
        "hashed_secret": "242cedc2f90b7ac63b2e9030fc9cd3105804f6db",
        "is_verified": false,
        "line_number": 105
      }
    ],
    "docker\\docker-compose.mlflow.yml": [
      {
        "type": "Basic Auth Credentials",
        "filename": "docker\\docker-compose.mlflow.yml",
        "hashed_secret": "5baa61e4c9b93f3f0682250b6cf8331b7ee68fd8",
        "is_verified": false,
        "line_number": 10
      }
    ],
    "docker\\docker-compose.override.yml": [
      {
        "type": "Secret Keyword",
        "filename": "docker\\docker-compose.override.yml",
        "hashed_secret": "3117b830997799a686e3bc420bcbb74a3367df51",
        "is_verified": false,
        "line_number": 9
      },
      {
        "type": "Secret Keyword",
        "filename": "docker\\docker-compose.override.yml",
        "hashed_secret": "f865b53623b121fd34ee5426c792e5c33af8c227",
        "is_verified": false,
        "line_number": 20
      }
    ],
    "docs\\DEPLOYMENT.md": [
      {
        "type": "Basic Auth Credentials",
        "filename": "docs\\DEPLOYMENT.md",
        "hashed_secret": "9d4e1e23bd5b727046a9e3b4b7db57bd8d6ee684",
        "is_verified": false,
        "line_number": 126
      },
      {
        "type": "Basic Auth Credentials",
        "filename": "docs\\DEPLOYMENT.md",
        "hashed_secret": "34c6fceca75e456f25e7e99531e2425c6c1de443",
        "is_verified": false,
        "line_number": 392
      },
      {
        "type": "Basic Auth Credentials",
        "filename": "docs\\DEPLOYMENT.md",
        "hashed_secret": "5baa61e4c9b93f3f0682250b6cf8331b7ee68fd8",
        "is_verified": false,
        "line_number": 403
      }
    ],
    "docs\\archive\\legacy-concepts\\.agents-concept\\config\\agent-config.yaml": [
      {
        "type": "Hex High Entropy String",
        "filename": "docs\\archive\\legacy-concepts\\.agents-concept\\config\\agent-config.yaml",
        "hashed_secret": "90bd1b48e958257948487b90bee080ba5ed00caa",
        "is_verified": false,
        "line_number": 328
      }
    ],
    "docs\\archive\\legacy-concepts\\.agents-concept\\integrations\\ecosystem-integration.md": [
      {
        "type": "Secret Keyword",
        "filename": "docs\\archive\\legacy-concepts\\.agents-concept\\integrations\\ecosystem-integration.md",
        "hashed_secret": "f8b6fb33f8cacb321531a76d81c3ed1ff0a3205d",
        "is_verified": false,
        "line_number": 176
      },
      {
        "type": "Secret Keyword",
        "filename": "docs\\archive\\legacy-concepts\\.agents-concept\\integrations\\ecosystem-integration.md",
        "hashed_secret": "fbd38a9a3b8eaa05baf9157cd64b26396dee7590",
        "is_verified": false,
        "line_number": 187
      }
    ],
    "docs\\archive\\legacy-concepts\\.agents-concept\\scripts\\simple-trigger-test.py": [
      {
        "type": "Hex High Entropy String",
        "filename": "docs\\archive\\legacy-concepts\\.agents-concept\\scripts\\simple-trigger-test.py",
        "hashed_secret": "90bd1b48e958257948487b90bee080ba5ed00caa",
        "is_verified": false,
        "line_number": 134
      }
    ],
    "docs\\archive\\legacy-concepts\\.agents-concept\\scripts\\test-triggers.py": [
      {
        "type": "Hex High Entropy String",
        "filename": "docs\\archive\\legacy-concepts\\.agents-concept\\scripts\\test-triggers.py",
        "hashed_secret": "90bd1b48e958257948487b90bee080ba5ed00caa",
        "is_verified": false,
        "line_number": 368
      }
    ],
    "docs\\archive\\legacy-concepts\\.agents-concept\\skills\\task-planner\\SKILL.md": [
      {
        "type": "Hex High Entropy String",
        "filename": "docs\\archive\\legacy-concepts\\.agents-concept\\skills\\task-planner\\SKILL.md",
        "hashed_secret": "90bd1b48e958257948487b90bee080ba5ed00caa",
        "is_verified": false,
        "line_number": 183
      }
    ],
    "docs\\archive\\reports\\2026\\completion-report-3day-sprint.md": [
      {
        "type": "Secret Keyword",
        "filename": "docs\\archive\\reports\\2026\\completion-report-3day-sprint.md",
        "hashed_secret": "89e495e7941cf9e40e6980d14a16bf023ccd4c91",
        "is_verified": false,
        "line_number": 38
      }
    ],
    "docs\\internal\\project-config.yaml": [
      {
        "type": "Secret Keyword",
        "filename": "docs\\internal\\project-config.yaml",
        "hashed_secret": "e72c33dc147fe8fbbf830e12cb9f69485c0e441f",
        "is_verified": false,
        "line_number": 98
      }
    ],
    "docs\\reports\\sprints\\3day-sprint.md": [
      {
        "type": "Secret Keyword",
        "filename": "docs\\reports\\sprints\\3day-sprint.md",
        "hashed_secret": "89e495e7941cf9e40e6980d14a16bf023ccd4c91",
        "is_verified": false,
        "line_number": 38
      }
    ],
    "docs\\security\\SECRETS-MANAGEMENT.md": [
      {
        "type": "Secret Keyword",
        "filename": "docs\\security\\SECRETS-MANAGEMENT.md",
        "hashed_secret": "93d1f2b4769d8fbb0abef19d5c9a77510b3ac270",
        "is_verified": false,
        "line_number": 227
      }
    ],
    "examples\\legacy\\gateway\\config\\services_fixed.yaml": [
      {
        "type": "Secret Keyword",
        "filename": "examples\\legacy\\gateway\\config\\services_fixed.yaml",
        "hashed_secret": "78d18bce90e9f3e5d3cab273aa7091acc6f1e4b4",
        "is_verified": false,
        "line_number": 60
      }
    ],
    "examples\\legacy\\gateway\\main.py": [
      {
        "type": "Secret Keyword",
        "filename": "examples\\legacy\\gateway\\main.py",
        "hashed_secret": "e95935248f0a4bad50dd43fbd15306ed48f4576d",
        "is_verified": false,
        "line_number": 497
      }
    ],
    "examples\\legacy\\packages\\terraform\\README.md": [
      {
        "type": "Secret Keyword",
        "filename": "examples\\legacy\\packages\\terraform\\README.md",
        "hashed_secret": "ec8b97ca3262799272ed7d958cda322355295b2a",
        "is_verified": false,
        "line_number": 58
      }
    ],
    "scripts\\collect-readmes.py": [
      {
        "type": "Base64 High Entropy String",
        "filename": "scripts\\collect-readmes.py",
        "hashed_secret": "2a1e0337bac58889fa86f5a5fa69420a45c501a7",
        "is_verified": false,
        "line_number": 225
      },
      {
        "type": "Base64 High Entropy String",
        "filename": "scripts\\collect-readmes.py",
        "hashed_secret": "9c1edcaa433e87e7f64fdbab4f08423dcc4e8e99",
        "is_verified": false,
        "line_number": 226
      }
    ],
    "scripts\\python\\translate-docs.py": [
      {
        "type": "Base64 High Entropy String",
        "filename": "scripts\\python\\translate-docs.py",
        "hashed_secret": "d7a815a3f9c9ad546e5165cdea00380b0c00279a",
        "is_verified": false,
        "line_number": 76
      }
    ],
    "tests\\integration\\EndToEnd.Tests.ps1": [
      {
        "type": "Secret Keyword",
        "filename": "tests\\integration\\EndToEnd.Tests.ps1",
        "hashed_secret": "0f0d959bca569bf2b0a8bff3e2f1e88920ee7c5f",
        "is_verified": false,
        "line_number": 60
      }
    ],
    "tests\\integration\\ModuleIntegration.Tests.ps1": [
      {
        "type": "Secret Keyword",
        "filename": "tests\\integration\\ModuleIntegration.Tests.ps1",
        "hashed_secret": "7733b8380d62447e9ffc575eb869aa549ba185b1",
        "is_verified": false,
        "line_number": 60
      },
      {
        "type": "Secret Keyword",
        "filename": "tests\\integration\\ModuleIntegration.Tests.ps1",
        "hashed_secret": "e709f793dd23bb983d3446d09874974502596b3e",
        "is_verified": false,
        "line_number": 61
      },
      {
        "type": "Secret Keyword",
        "filename": "tests\\integration\\ModuleIntegration.Tests.ps1",
        "hashed_secret": "7ce6ed3727ece51d2219f2bdc7f6db3594dc4d7f",
        "is_verified": false,
        "line_number": 104
      },
      {
        "type": "Secret Keyword",
        "filename": "tests\\integration\\ModuleIntegration.Tests.ps1",
        "hashed_secret": "67d3fbab6c3f5d3b1fc23ef0edbb7bd1663753e1",
        "is_verified": false,
        "line_number": 134
      },
      {
        "type": "Secret Keyword",
        "filename": "tests\\integration\\ModuleIntegration.Tests.ps1",
        "hashed_secret": "5eb3e470ab9971c4f7a2beebdf6f805ee33e3b25",
        "is_verified": false,
        "line_number": 135
      }
    ],
    "tests\\test_chat_model_client.py": [
      {
        "type": "Secret Keyword",
        "filename": "tests\\test_chat_model_client.py",
        "hashed_secret": "ee977806d7286510da8b9a7492ba58e2484c0ecc",
        "is_verified": false,
        "line_number": 70
      }
    ],
    "tests\\unit\\core\\security\\SecurityScanner.Tests.ps1": [
      {
        "type": "Secret Keyword",
        "filename": "tests\\unit\\core\\security\\SecurityScanner.Tests.ps1",
        "hashed_secret": "e5690ba2779115d15394a69e88eca8d4ad0554ff",
        "is_verified": false,
        "line_number": 59
      },
      {
        "type": "Secret Keyword",
        "filename": "tests\\unit\\core\\security\\SecurityScanner.Tests.ps1",
        "hashed_secret": "7fb53160e1bdfe93b4a50242888a2f3c7710277e",
        "is_verified": false,
        "line_number": 124
      }
    ],
    "tests\\unit\\core\\validation\\InputValidator.Tests.ps1": [
      {
        "type": "Secret Keyword",
        "filename": "tests\\unit\\core\\validation\\InputValidator.Tests.ps1",
        "hashed_secret": "7ce6ed3727ece51d2219f2bdc7f6db3594dc4d7f",
        "is_verified": false,
        "line_number": 122
      }
    ],
    "tests\\unit\\security\\SecretManager.Tests.ps1": [
      {
        "type": "Secret Keyword",
        "filename": "tests\\unit\\security\\SecretManager.Tests.ps1",
        "hashed_secret": "c6074a378f5827b9b90f58db5f32dc5530179aef",
        "is_verified": false,
        "line_number": 93
      }
    ],
    "tests\\unit\\security\\SecurityScanner.Tests.ps1": [
      {
        "type": "Secret Keyword",
        "filename": "tests\\unit\\security\\SecurityScanner.Tests.ps1",
        "hashed_secret": "94c95ecfa5e7d9cf2dc869f7524c5cfd571395e1",
        "is_verified": false,
        "line_number": 17
      },
      {
        "type": "Secret Keyword",
        "filename": "tests\\unit\\security\\SecurityScanner.Tests.ps1",
        "hashed_secret": "7ce6ed3727ece51d2219f2bdc7f6db3594dc4d7f",
        "is_verified": false,
        "line_number": 18
      }
    ],
    "tests\\unit\\test_auth_service.py": [
      {
        "type": "Secret Keyword",
        "filename": "tests\\unit\\test_auth_service.py",
        "hashed_secret": "768703618d4b473fd22815804fb4c7e57aa76e46",
        "is_verified": false,
        "line_number": 10
      },
      {
        "type": "Secret Keyword",
        "filename": "tests\\unit\\test_auth_service.py",
        "hashed_secret": "c94d65f02a652d11c2e5c2e1ccf38dce5a076e1e",
        "is_verified": false,
        "line_number": 25
      },
      {
        "type": "Secret Keyword",
        "filename": "tests\\unit\\test_auth_service.py",
        "hashed_secret": "9d4e1e23bd5b727046a9e3b4b7db57bd8d6ee684",
        "is_verified": false,
        "line_number": 43
      }
    ],
    "tests\\unit\\test_llm_shared.py": [
      {
        "type": "Secret Keyword",
        "filename": "tests\\unit\\test_llm_shared.py",
        "hashed_secret": "3acfb2c2b433c0ea7ff107e33df91b18e52f960f",
        "is_verified": false,
        "line_number": 25
      }
    ]
  },
  "generated_at": "2026-06-12T19:28:51Z"
}
