{
  "version": "1.5.0",
  "plugins_used": [
    {
      "name": "ArtifactoryDetector"
    },
    {
      "name": "AWSKeyDetector"
    },
    {
      "name": "AzureStorageKeyDetector"
    },
    {
      "name": "Base64HighEntropyString",
      "limit": 4.5
    },
    {
      "name": "BasicAuthDetector"
    },
    {
      "name": "CloudantDetector"
    },
    {
      "name": "DiscordBotTokenDetector"
    },
    {
      "name": "GitHubTokenDetector"
    },
    {
      "name": "GitLabTokenDetector"
    },
    {
      "name": "HexHighEntropyString",
      "limit": 3.0
    },
    {
      "name": "IbmCloudIamDetector"
    },
    {
      "name": "IbmCosHmacDetector"
    },
    {
      "name": "IPPublicDetector"
    },
    {
      "name": "JwtTokenDetector"
    },
    {
      "name": "KeywordDetector",
      "keyword_exclude": ""
    },
    {
      "name": "MailchimpDetector"
    },
    {
      "name": "NpmDetector"
    },
    {
      "name": "OpenAIDetector"
    },
    {
      "name": "PrivateKeyDetector"
    },
    {
      "name": "PypiTokenDetector"
    },
    {
      "name": "SendGridDetector"
    },
    {
      "name": "SlackDetector"
    },
    {
      "name": "SoftlayerDetector"
    },
    {
      "name": "SquareOAuthDetector"
    },
    {
      "name": "StripeDetector"
    },
    {
      "name": "TelegramBotTokenDetector"
    },
    {
      "name": "TwilioKeyDetector"
    }
  ],
  "filters_used": [
    {
      "path": "detect_secrets.filters.allowlist.is_line_allowlisted"
    },
    {
      "path": "detect_secrets.filters.common.is_baseline_file",
      "filename": ".secrets.baseline"
    },
    {
      "path": "detect_secrets.filters.common.is_ignored_due_to_verification_policies",
      "min_level": 2
    },
    {
      "path": "detect_secrets.filters.heuristic.is_indirect_reference"
    },
    {
      "path": "detect_secrets.filters.heuristic.is_likely_id_string"
    },
    {
      "path": "detect_secrets.filters.heuristic.is_lock_file"
    },
    {
      "path": "detect_secrets.filters.heuristic.is_not_alphanumeric_string"
    },
    {
      "path": "detect_secrets.filters.heuristic.is_potential_uuid"
    },
    {
      "path": "detect_secrets.filters.heuristic.is_prefixed_with_dollar_sign"
    },
    {
      "path": "detect_secrets.filters.heuristic.is_sequential_string"
    },
    {
      "path": "detect_secrets.filters.heuristic.is_swagger_file"
    },
    {
      "path": "detect_secrets.filters.heuristic.is_templated_secret"
    }
  ],
  "results": {
    ".github\\workflows\\azure-deploy.yml": [
      {
        "type": "Secret Keyword",
        "filename": ".github\\workflows\\azure-deploy.yml",
        "hashed_secret": "8dfa3b33a56ee75d74993dd766e4ff9b9da25682",
        "is_verified": false,
        "line_number": 60
      }
    ],
    ".github\\workflows\\monitoring-alerts.yml": [
      {
        "type": "Secret Keyword",
        "filename": ".github\\workflows\\monitoring-alerts.yml",
        "hashed_secret": "89742015e173b25ba164cd2efef17354280110a1",
        "is_verified": false,
        "line_number": 84
      }
    ],
    "agents\\cognitive_agent\\config\\agent-config.yaml": [
      {
        "type": "Secret Keyword",
        "filename": "agents\\cognitive_agent\\config\\agent-config.yaml",
        "hashed_secret": "c879eb0f88d8bdb506f09d23c28ccece92744a78",
        "is_verified": false,
        "line_number": 429
      },
      {
        "type": "Secret Keyword",
        "filename": "agents\\cognitive_agent\\config\\agent-config.yaml",
        "hashed_secret": "7cbe95e1bcb41430a151d80b39f57c5c00a558ff",
        "is_verified": false,
        "line_number": 450
      },
      {
        "type": "Hex High Entropy String",
        "filename": "agents\\cognitive_agent\\config\\agent-config.yaml",
        "hashed_secret": "90bd1b48e958257948487b90bee080ba5ed00caa",
        "is_verified": false,
        "line_number": 463
      }
    ],
    "agents\\cognitive_agent\\integrations\\ecosystem-integration.md": [
      {
        "type": "Secret Keyword",
        "filename": "agents\\cognitive_agent\\integrations\\ecosystem-integration.md",
        "hashed_secret": "f8b6fb33f8cacb321531a76d81c3ed1ff0a3205d",
        "is_verified": false,
        "line_number": 177
      },
      {
        "type": "Secret Keyword",
        "filename": "agents\\cognitive_agent\\integrations\\ecosystem-integration.md",
        "hashed_secret": "fbd38a9a3b8eaa05baf9157cd64b26396dee7590",
        "is_verified": false,
        "line_number": 188
      }
    ],
    "agents\\cognitive_agent\\mcp.json": [
      {
        "type": "Secret Keyword",
        "filename": "agents\\cognitive_agent\\mcp.json",
        "hashed_secret": "7a0eec11779e4968bc68da2bf2fec1c07a8c8b55",
        "is_verified": false,
        "line_number": 44
      }
    ],
    "agents\\cognitive_agent\\rules\\security-rules.md": [
      {
        "type": "Secret Keyword",
        "filename": "agents\\cognitive_agent\\rules\\security-rules.md",
        "hashed_secret": "b35c276d5dff51c8675493733ff093f1928dbdf5",
        "is_verified": false,
        "line_number": 29
      },
      {
        "type": "Basic Auth Credentials",
        "filename": "agents\\cognitive_agent\\rules\\security-rules.md",
        "hashed_secret": "9d4e1e23bd5b727046a9e3b4b7db57bd8d6ee684",
        "is_verified": false,
        "line_number": 30
      }
    ],
    "agents\\cognitive_agent\\scripts\\simple-trigger-test.py": [
      {
        "type": "Hex High Entropy String",
        "filename": "agents\\cognitive_agent\\scripts\\simple-trigger-test.py",
        "hashed_secret": "90bd1b48e958257948487b90bee080ba5ed00caa",
        "is_verified": false,
        "line_number": 134
      }
    ],
    "agents\\cognitive_agent\\scripts\\test-triggers.py": [
      {
        "type": "Hex High Entropy String",
        "filename": "agents\\cognitive_agent\\scripts\\test-triggers.py",
        "hashed_secret": "90bd1b48e958257948487b90bee080ba5ed00caa",
        "is_verified": false,
        "line_number": 357
      }
    ],
    "agents\\cognitive_agent\\skills\\task-planner\\SKILL.md": [
      {
        "type": "Hex High Entropy String",
        "filename": "agents\\cognitive_agent\\skills\\task-planner\\SKILL.md",
        "hashed_secret": "90bd1b48e958257948487b90bee080ba5ed00caa",
        "is_verified": false,
        "line_number": 183
      }
    ],
    "agents\\cognitive_agent\\teacher\\cheatsheets\\repo_checklist.yaml": [
      {
        "type": "Secret Keyword",
        "filename": "agents\\cognitive_agent\\teacher\\cheatsheets\\repo_checklist.yaml",
        "hashed_secret": "5ffe533b830f08a0326348a9160afafc8ada44db",
        "is_verified": false,
        "line_number": 35
      }
    ],
    "agents\\cognitive_agent\\teacher\\file_templates\\env_example.txt": [
      {
        "type": "Secret Keyword",
        "filename": "agents\\cognitive_agent\\teacher\\file_templates\\env_example.txt",
        "hashed_secret": "41ef4864559aa6bb211dfc1e1a8aae9048110db7",
        "is_verified": false,
        "line_number": 8
      },
      {
        "type": "Secret Keyword",
        "filename": "agents\\cognitive_agent\\teacher\\file_templates\\env_example.txt",
        "hashed_secret": "65cf8cd353cae2b48a8480cc49cd2e7dabb1bbb3",
        "is_verified": false,
        "line_number": 15
      },
      {
        "type": "Secret Keyword",
        "filename": "agents\\cognitive_agent\\teacher\\file_templates\\env_example.txt",
        "hashed_secret": "ec3810e10fb78db55ce38b9c18d1c3eb1db739e0",
        "is_verified": false,
        "line_number": 22
      },
      {
        "type": "Secret Keyword",
        "filename": "agents\\cognitive_agent\\teacher\\file_templates\\env_example.txt",
        "hashed_secret": "83cae600fea484688f41da27ccd5a6b2c3f4c1e9",
        "is_verified": false,
        "line_number": 34
      }
    ],
    "agents\\cognitive_agent\\tools\\python\\secrets-scanner.py": [
      {
        "type": "Private Key",
        "filename": "agents\\cognitive_agent\\tools\\python\\secrets-scanner.py",
        "hashed_secret": "4ada9713ec27066b2ffe0b7bd9c9c8d635dc4ab2",
        "is_verified": false,
        "line_number": 40
      }
    ],
    "apps\\ai_config_manager\\tests\\test_config.py": [
      {
        "type": "Basic Auth Credentials",
        "filename": "apps\\ai_config_manager\\tests\\test_config.py",
        "hashed_secret": "9d4e1e23bd5b727046a9e3b4b7db57bd8d6ee684",
        "is_verified": false,
        "line_number": 64
      }
    ],
    "apps\\ai_config_manager\\tests\\test_security.py": [
      {
        "type": "AWS Access Key",
        "filename": "apps\\ai_config_manager\\tests\\test_security.py",
        "hashed_secret": "25910f981e85ca04baf359199dd0bd4a3ae738b6",
        "is_verified": false,
        "line_number": 31
      },
      {
        "type": "Private Key",
        "filename": "apps\\ai_config_manager\\tests\\test_security.py",
        "hashed_secret": "be4fc4886bd949b369d5e092eb87494f12e57e5b",
        "is_verified": false,
        "line_number": 37
      },
      {
        "type": "Basic Auth Credentials",
        "filename": "apps\\ai_config_manager\\tests\\test_security.py",
        "hashed_secret": "5baa61e4c9b93f3f0682250b6cf8331b7ee68fd8",
        "is_verified": false,
        "line_number": 43
      },
      {
        "type": "JSON Web Token",
        "filename": "apps\\ai_config_manager\\tests\\test_security.py",
        "hashed_secret": "34c659f4df06118f5bc39edc355b4542851ad3f6",
        "is_verified": false,
        "line_number": 50
      },
      {
        "type": "Secret Keyword",
        "filename": "apps\\ai_config_manager\\tests\\test_security.py",
        "hashed_secret": "f2b14f68eb995facb3a1c35287b778d5bd785511",
        "is_verified": false,
        "line_number": 58
      },
      {
        "type": "Secret Keyword",
        "filename": "apps\\ai_config_manager\\tests\\test_security.py",
        "hashed_secret": "ff37a98a9963d347e9749a5c1b3936a4a245a6ff",
        "is_verified": false,
        "line_number": 60
      },
      {
        "type": "Secret Keyword",
        "filename": "apps\\ai_config_manager\\tests\\test_security.py",
        "hashed_secret": "e5e9fa1ba31ecd1ae84f75caaa474f3a663f05f4",
        "is_verified": false,
        "line_number": 72
      },
      {
        "type": "Secret Keyword",
        "filename": "apps\\ai_config_manager\\tests\\test_security.py",
        "hashed_secret": "062fd37fbc11c09bf9f53c24c1ddf9b24547f2a0",
        "is_verified": false,
        "line_number": 74
      },
      {
        "type": "Secret Keyword",
        "filename": "apps\\ai_config_manager\\tests\\test_security.py",
        "hashed_secret": "8107759ababcbfa34bcb02bc4309caf6354982ab",
        "is_verified": false,
        "line_number": 111
      },
      {
        "type": "Secret Keyword",
        "filename": "apps\\ai_config_manager\\tests\\test_security.py",
        "hashed_secret": "43f7aa390f1a0265fc2de7010133951c0718a67e",
        "is_verified": false,
        "line_number": 115
      }
    ],
    "apps\\ai_config_manager\\tests\\test_validators.py": [
      {
        "type": "Basic Auth Credentials",
        "filename": "apps\\ai_config_manager\\tests\\test_validators.py",
        "hashed_secret": "9d4e1e23bd5b727046a9e3b4b7db57bd8d6ee684",
        "is_verified": false,
        "line_number": 128
      }
    ],
    "apps\\auth_service\\tests\\test_auth_security.py": [
      {
        "type": "Secret Keyword",
        "filename": "apps\\auth_service\\tests\\test_auth_security.py",
        "hashed_secret": "f865b53623b121fd34ee5426c792e5c33af8c227",
        "is_verified": false,
        "line_number": 22
      },
      {
        "type": "Secret Keyword",
        "filename": "apps\\auth_service\\tests\\test_auth_security.py",
        "hashed_secret": "95c946bf622ef93b0a211cd0fd028dfdfcf7e39e",
        "is_verified": false,
        "line_number": 23
      },
      {
        "type": "Secret Keyword",
        "filename": "apps\\auth_service\\tests\\test_auth_security.py",
        "hashed_secret": "fc60e74782081f9423b06433b08be1b54145c312",
        "is_verified": false,
        "line_number": 26
      },
      {
        "type": "Secret Keyword",
        "filename": "apps\\auth_service\\tests\\test_auth_security.py",
        "hashed_secret": "a4b48a81cdab1e1a5dd37907d6c85ca1c61ddc7c",
        "is_verified": false,
        "line_number": 179
      },
      {
        "type": "Secret Keyword",
        "filename": "apps\\auth_service\\tests\\test_auth_security.py",
        "hashed_secret": "e8662cfb96bd9c7fe84c31d76819ec3a92c80e63",
        "is_verified": false,
        "line_number": 331
      },
      {
        "type": "Secret Keyword",
        "filename": "apps\\auth_service\\tests\\test_auth_security.py",
        "hashed_secret": "e07b837f6da8878a7654cfab2dfa0b5c634b4d27",
        "is_verified": false,
        "line_number": 332
      }
    ],
    "apps\\career_development\\alembic.ini": [
      {
        "type": "Basic Auth Credentials",
        "filename": "apps\\career_development\\alembic.ini",
        "hashed_secret": "3117b830997799a686e3bc420bcbb74a3367df51",
        "is_verified": false,
        "line_number": 39
      }
    ],
    "apps\\decision_engine\\tests\\conftest.py": [
      {
        "type": "Secret Keyword",
        "filename": "apps\\decision_engine\\tests\\conftest.py",
        "hashed_secret": "00942f4668670f34c5943cf52c7ef3139fe2b8d6",
        "is_verified": false,
        "line_number": 93
      }
    ],
    "apps\\decision_engine\\tests\\test_gigachain_bridge.py": [
      {
        "type": "Secret Keyword",
        "filename": "apps\\decision_engine\\tests\\test_gigachain_bridge.py",
        "hashed_secret": "00942f4668670f34c5943cf52c7ef3139fe2b8d6",
        "is_verified": false,
        "line_number": 43
      }
    ],
    "apps\\infra_orchestrator\\src\\core\\diagnostics\\HealthCheck.psm1": [
      {
        "type": "Secret Keyword",
        "filename": "apps\\infra_orchestrator\\src\\core\\diagnostics\\HealthCheck.psm1",
        "hashed_secret": "a94a8fe5ccb19ba61c4c0873d391e987982fbbd3",
        "is_verified": false,
        "line_number": 33
      }
    ],
    "apps\\infra_orchestrator\\tests\\AiProviderFactory.Tests.ps1": [
      {
        "type": "Secret Keyword",
        "filename": "apps\\infra_orchestrator\\tests\\AiProviderFactory.Tests.ps1",
        "hashed_secret": "a94a8fe5ccb19ba61c4c0873d391e987982fbbd3",
        "is_verified": false,
        "line_number": 9
      }
    ],
    "apps\\job_automation_agent\\docker-compose.agent.yml": [
      {
        "type": "Secret Keyword",
        "filename": "apps\\job_automation_agent\\docker-compose.agent.yml",
        "hashed_secret": "3117b830997799a686e3bc420bcbb74a3367df51",
        "is_verified": false,
        "line_number": 25
      }
    ],
    "apps\\portfolio_organizer\\tests\\test_real.py": [
      {
        "type": "Secret Keyword",
        "filename": "apps\\portfolio_organizer\\tests\\test_real.py",
        "hashed_secret": "6731834487e9dd32ec3df63994d996da1133dbb9",
        "is_verified": false,
        "line_number": 22
      }
    ],
    "config\\ai\\README.md": [
      {
        "type": "Secret Keyword",
        "filename": "config\\ai\\README.md",
        "hashed_secret": "c879eb0f88d8bdb506f09d23c28ccece92744a78",
        "is_verified": false,
        "line_number": 94
      },
      {
        "type": "Secret Keyword",
        "filename": "config\\ai\\README.md",
        "hashed_secret": "eb9532a1e9fbdfe3b3386532a5ff8946f96bfdb9",
        "is_verified": false,
        "line_number": 104
      }
    ],
    "deployment\\k8s\\base\\security\\cert-manager.yaml": [
      {
        "type": "Secret Keyword",
        "filename": "deployment\\k8s\\base\\security\\cert-manager.yaml",
        "hashed_secret": "a572d198a2eed12f8c429bf7fa57cedabc660b22",
        "is_verified": false,
        "line_number": 56
      }
    ],
    "deployment\\secrets\\secret.example.yaml": [
      {
        "type": "Secret Keyword",
        "filename": "deployment\\secrets\\secret.example.yaml",
        "hashed_secret": "a5c01e694764bcf09315443c6476e283e6f77906",
        "is_verified": false,
        "line_number": 14
      },
      {
        "type": "Secret Keyword",
        "filename": "deployment\\secrets\\secret.example.yaml",
        "hashed_secret": "7e6249737de4c33581c80dd45f0f5917779ffbd5",
        "is_verified": false,
        "line_number": 17
      },
      {
        "type": "Secret Keyword",
        "filename": "deployment\\secrets\\secret.example.yaml",
        "hashed_secret": "8c2cf45d5b49c4bb1d2a7ee1dd39736926295c11",
        "is_verified": false,
        "line_number": 19
      }
    ],
    "docker\\docker-compose.mlflow.yml": [
      {
        "type": "Basic Auth Credentials",
        "filename": "docker\\docker-compose.mlflow.yml",
        "hashed_secret": "5baa61e4c9b93f3f0682250b6cf8331b7ee68fd8",
        "is_verified": false,
        "line_number": 10
      }
    ],
    "docker\\docker-compose.override.yml": [
      {
        "type": "Secret Keyword",
        "filename": "docker\\docker-compose.override.yml",
        "hashed_secret": "3117b830997799a686e3bc420bcbb74a3367df51",
        "is_verified": false,
        "line_number": 9
      },
      {
        "type": "Secret Keyword",
        "filename": "docker\\docker-compose.override.yml",
        "hashed_secret": "f865b53623b121fd34ee5426c792e5c33af8c227",
        "is_verified": false,
        "line_number": 20
      }
    ],
    "docs\\GIGACODE_TOKEN_SETUP.md": [
      {
        "type": "Secret Keyword",
        "filename": "docs\\GIGACODE_TOKEN_SETUP.md",
        "hashed_secret": "30d33f876af53044037202c2b7992129776fd8ea",
        "is_verified": false,
        "line_number": 45
      }
    ],
    "docs\\templates\\SERVICE_README_TEMPLATE.md": [
      {
        "type": "Basic Auth Credentials",
        "filename": "docs\\templates\\SERVICE_README_TEMPLATE.md",
        "hashed_secret": "9d4e1e23bd5b727046a9e3b4b7db57bd8d6ee684",
        "is_verified": false,
        "line_number": 294
      }
    ],
    "scripts\\ai\\auto-update-gigacode-token.ps1": [
      {
        "type": "Secret Keyword",
        "filename": "scripts\\ai\\auto-update-gigacode-token.ps1",
        "hashed_secret": "06836681590d2b8c4841f319fee10f85ad0d16eb",
        "is_verified": false,
        "line_number": 29
      }
    ],
    "scripts\\auto-update-gigacode-token.ps1": [
      {
        "type": "Secret Keyword",
        "filename": "scripts\\auto-update-gigacode-token.ps1",
        "hashed_secret": "c9e103bc75aa7ea1ccd690ce470f8c445ffb42a7",
        "is_verified": false,
        "line_number": 5
      }
    ],
    "scripts\\migration\\collect_readmes.py": [
      {
        "type": "Base64 High Entropy String",
        "filename": "scripts\\migration\\collect_readmes.py",
        "hashed_secret": "2a1e0337bac58889fa86f5a5fa69420a45c501a7",
        "is_verified": false,
        "line_number": 224
      },
      {
        "type": "Base64 High Entropy String",
        "filename": "scripts\\migration\\collect_readmes.py",
        "hashed_secret": "8b0d87ad845af5555cfebd5473eb2d5c5d07019b",
        "is_verified": false,
        "line_number": 225
      }
    ],
    "scripts\\migration\\fix_config_paths.ps1": [
      {
        "type": "Basic Auth Credentials",
        "filename": "scripts\\migration\\fix_config_paths.ps1",
        "hashed_secret": "afc848c316af1a89d49826c5ae9d00ed769415f3",
        "is_verified": false,
        "line_number": 70
      }
    ],
    "scripts\\python\\translate-docs.py": [
      {
        "type": "Base64 High Entropy String",
        "filename": "scripts\\python\\translate-docs.py",
        "hashed_secret": "d7a815a3f9c9ad546e5165cdea00380b0c00279a",
        "is_verified": false,
        "line_number": 75
      }
    ],
    "src\\security\\secret_masking.py": [
      {
        "type": "Basic Auth Credentials",
        "filename": "src\\security\\secret_masking.py",
        "hashed_secret": "aafdc23870ecbcd3d557b6423a8982134e17927e",
        "is_verified": false,
        "line_number": 56
      }
    ],
    "src\\security\\tests\\test_secret_masking.py": [
      {
        "type": "JSON Web Token",
        "filename": "src\\security\\tests\\test_secret_masking.py",
        "hashed_secret": "34c659f4df06118f5bc39edc355b4542851ad3f6",
        "is_verified": false,
        "line_number": 43
      },
      {
        "type": "AWS Access Key",
        "filename": "src\\security\\tests\\test_secret_masking.py",
        "hashed_secret": "25910f981e85ca04baf359199dd0bd4a3ae738b6",
        "is_verified": false,
        "line_number": 50
      },
      {
        "type": "Basic Auth Credentials",
        "filename": "src\\security\\tests\\test_secret_masking.py",
        "hashed_secret": "21dde79b804497e122f38dabc393f8e94f103ca6",
        "is_verified": false,
        "line_number": 57
      },
      {
        "type": "Basic Auth Credentials",
        "filename": "src\\security\\tests\\test_secret_masking.py",
        "hashed_secret": "2ecb1536b904e1e7213bdf65b5344e12dca84e76",
        "is_verified": false,
        "line_number": 64
      },
      {
        "type": "Basic Auth Credentials",
        "filename": "src\\security\\tests\\test_secret_masking.py",
        "hashed_secret": "82f99beb7fd9db4a8fa338c69190e449e74a1c23",
        "is_verified": false,
        "line_number": 71
      },
      {
        "type": "Secret Keyword",
        "filename": "src\\security\\tests\\test_secret_masking.py",
        "hashed_secret": "f2b14f68eb995facb3a1c35287b778d5bd785511",
        "is_verified": false,
        "line_number": 88
      },
      {
        "type": "Base64 High Entropy String",
        "filename": "src\\security\\tests\\test_secret_masking.py",
        "hashed_secret": "de4cb9129cd03d300440e525c51355a7563f85a0",
        "is_verified": false,
        "line_number": 95
      },
      {
        "type": "Secret Keyword",
        "filename": "src\\security\\tests\\test_secret_masking.py",
        "hashed_secret": "25910f981e85ca04baf359199dd0bd4a3ae738b6",
        "is_verified": false,
        "line_number": 147
      },
      {
        "type": "Secret Keyword",
        "filename": "src\\security\\tests\\test_secret_masking.py",
        "hashed_secret": "d901b48047b4c04da3b3cf816aaade86568a7dfd",
        "is_verified": false,
        "line_number": 154
      },
      {
        "type": "Secret Keyword",
        "filename": "src\\security\\tests\\test_secret_masking.py",
        "hashed_secret": "e48c47f1431afd3bb030deea266b4309e2228c5b",
        "is_verified": false,
        "line_number": 162
      },
      {
        "type": "Secret Keyword",
        "filename": "src\\security\\tests\\test_secret_masking.py",
        "hashed_secret": "ab2bf873e7a77f787d5c8b53d196c659cd146497",
        "is_verified": false,
        "line_number": 163
      },
      {
        "type": "Secret Keyword",
        "filename": "src\\security\\tests\\test_secret_masking.py",
        "hashed_secret": "f0578f1e7174b1a41c4ea8c6e17f7a8a3b88c92a",
        "is_verified": false,
        "line_number": 202
      },
      {
        "type": "Secret Keyword",
        "filename": "src\\security\\tests\\test_secret_masking.py",
        "hashed_secret": "8be52126a6fde450a7162a3651d589bb51e9579d",
        "is_verified": false,
        "line_number": 203
      },
      {
        "type": "Basic Auth Credentials",
        "filename": "src\\security\\tests\\test_secret_masking.py",
        "hashed_secret": "f2b14f68eb995facb3a1c35287b778d5bd785511",
        "is_verified": false,
        "line_number": 319
      },
      {
        "type": "Secret Keyword",
        "filename": "src\\security\\tests\\test_secret_masking.py",
        "hashed_secret": "15a78bff0e63fdf4fa68393a8ce7574056099e9d",
        "is_verified": false,
        "line_number": 320
      },
      {
        "type": "Secret Keyword",
        "filename": "src\\security\\tests\\test_secret_masking.py",
        "hashed_secret": "6e5719915b81e99001ffefa545e7113659df9bb8",
        "is_verified": false,
        "line_number": 321
      },
      {
        "type": "Basic Auth Credentials",
        "filename": "src\\security\\tests\\test_secret_masking.py",
        "hashed_secret": "a761ce3a45d97e41840a788495e85a70d1bb3815",
        "is_verified": false,
        "line_number": 340
      },
      {
        "type": "Basic Auth Credentials",
        "filename": "src\\security\\tests\\test_secret_masking.py",
        "hashed_secret": "e63a0ab2f8e7ecde486b42ebfec16d4434840af4",
        "is_verified": false,
        "line_number": 358
      }
    ],
    "tests\\e2e\\test_auth_service.py": [
      {
        "type": "Secret Keyword",
        "filename": "tests\\e2e\\test_auth_service.py",
        "hashed_secret": "206c80413b9a96c1312cc346b7d2517b84463edd",
        "is_verified": false,
        "line_number": 36
      },
      {
        "type": "Secret Keyword",
        "filename": "tests\\e2e\\test_auth_service.py",
        "hashed_secret": "d8bba58683e577cdd462e2cd1207808e1b01b3cb",
        "is_verified": false,
        "line_number": 46
      },
      {
        "type": "Secret Keyword",
        "filename": "tests\\e2e\\test_auth_service.py",
        "hashed_secret": "89e495e7941cf9e40e6980d14a16bf023ccd4c91",
        "is_verified": false,
        "line_number": 62
      }
    ],
    "tests\\integration\\EndToEnd.Tests.ps1": [
      {
        "type": "Secret Keyword",
        "filename": "tests\\integration\\EndToEnd.Tests.ps1",
        "hashed_secret": "0f0d959bca569bf2b0a8bff3e2f1e88920ee7c5f",
        "is_verified": false,
        "line_number": 60
      }
    ],
    "tests\\integration\\ModuleIntegration.Tests.ps1": [
      {
        "type": "Secret Keyword",
        "filename": "tests\\integration\\ModuleIntegration.Tests.ps1",
        "hashed_secret": "7ce6ed3727ece51d2219f2bdc7f6db3594dc4d7f",
        "is_verified": false,
        "line_number": 36
      },
      {
        "type": "Secret Keyword",
        "filename": "tests\\integration\\ModuleIntegration.Tests.ps1",
        "hashed_secret": "67d3fbab6c3f5d3b1fc23ef0edbb7bd1663753e1",
        "is_verified": false,
        "line_number": 58
      },
      {
        "type": "Secret Keyword",
        "filename": "tests\\integration\\ModuleIntegration.Tests.ps1",
        "hashed_secret": "5eb3e470ab9971c4f7a2beebdf6f805ee33e3b25",
        "is_verified": false,
        "line_number": 59
      }
    ],
    "tests\\test_chat_model_client.py": [
      {
        "type": "Secret Keyword",
        "filename": "tests\\test_chat_model_client.py",
        "hashed_secret": "ee977806d7286510da8b9a7492ba58e2484c0ecc",
        "is_verified": false,
        "line_number": 69
      }
    ],
    "tests\\unit\\core\\security\\SecurityScanner.Tests.ps1": [
      {
        "type": "Secret Keyword",
        "filename": "tests\\unit\\core\\security\\SecurityScanner.Tests.ps1",
        "hashed_secret": "e5690ba2779115d15394a69e88eca8d4ad0554ff",
        "is_verified": false,
        "line_number": 59
      },
      {
        "type": "Secret Keyword",
        "filename": "tests\\unit\\core\\security\\SecurityScanner.Tests.ps1",
        "hashed_secret": "7fb53160e1bdfe93b4a50242888a2f3c7710277e",
        "is_verified": false,
        "line_number": 124
      }
    ],
    "tests\\unit\\core\\validation\\InputValidator.Tests.ps1": [
      {
        "type": "Secret Keyword",
        "filename": "tests\\unit\\core\\validation\\InputValidator.Tests.ps1",
        "hashed_secret": "7ce6ed3727ece51d2219f2bdc7f6db3594dc4d7f",
        "is_verified": false,
        "line_number": 122
      }
    ],
    "tests\\unit\\security\\SecretManager.Tests.ps1": [
      {
        "type": "Secret Keyword",
        "filename": "tests\\unit\\security\\SecretManager.Tests.ps1",
        "hashed_secret": "c6074a378f5827b9b90f58db5f32dc5530179aef",
        "is_verified": false,
        "line_number": 93
      }
    ],
    "tests\\unit\\security\\SecurityScanner.Tests.ps1": [
      {
        "type": "Secret Keyword",
        "filename": "tests\\unit\\security\\SecurityScanner.Tests.ps1",
        "hashed_secret": "94c95ecfa5e7d9cf2dc869f7524c5cfd571395e1",
        "is_verified": false,
        "line_number": 17
      },
      {
        "type": "Secret Keyword",
        "filename": "tests\\unit\\security\\SecurityScanner.Tests.ps1",
        "hashed_secret": "7ce6ed3727ece51d2219f2bdc7f6db3594dc4d7f",
        "is_verified": false,
        "line_number": 18
      }
    ],
    "tests\\unit\\test_auth_service.py": [
      {
        "type": "Secret Keyword",
        "filename": "tests\\unit\\test_auth_service.py",
        "hashed_secret": "768703618d4b473fd22815804fb4c7e57aa76e46",
        "is_verified": false,
        "line_number": 8
      },
      {
        "type": "Secret Keyword",
        "filename": "tests\\unit\\test_auth_service.py",
        "hashed_secret": "c94d65f02a652d11c2e5c2e1ccf38dce5a076e1e",
        "is_verified": false,
        "line_number": 22
      },
      {
        "type": "Secret Keyword",
        "filename": "tests\\unit\\test_auth_service.py",
        "hashed_secret": "9d4e1e23bd5b727046a9e3b4b7db57bd8d6ee684",
        "is_verified": false,
        "line_number": 40
      }
    ],
    "tests\\unit\\test_llm_shared.py": [
      {
        "type": "Secret Keyword",
        "filename": "tests\\unit\\test_llm_shared.py",
        "hashed_secret": "3acfb2c2b433c0ea7ff107e33df91b18e52f960f",
        "is_verified": false,
        "line_number": 25
      }
    ],
    "tools\\dev_tools\\tests\\conftest.py": [
      {
        "type": "Secret Keyword",
        "filename": "tools\\dev_tools\\tests\\conftest.py",
        "hashed_secret": "00942f4668670f34c5943cf52c7ef3139fe2b8d6",
        "is_verified": false,
        "line_number": 36
      }
    ],
    "tools\\dev_tools\\tests\\test_server.py": [
      {
        "type": "Secret Keyword",
        "filename": "tools\\dev_tools\\tests\\test_server.py",
        "hashed_secret": "5e7be6a2498f7530a0f023c7bb08c1851b296aa4",
        "is_verified": false,
        "line_number": 238
      }
    ]
  },
  "generated_at": "2026-06-23T22:57:25Z"
}
